[BootStrap]
File1=1,,SETUP1.EX_,SETUP1.EXE,$(WinPath),$(EXESelfRegister),,1/12/1996,138144,4.0.0.2422
File2=1,,VSHARE.38_,VSHARE.386,$(WinSysPath),,,1/12/1996,14933,3.11.0.401
File3=1,,STKIT416.DL_,STKIT416.DLL,$(WinSysPath),,,8/15/1995,5120,4.0.2422.0
File4=1,,VB40016.DL_,VB40016.DLL,$(WinSysPath),,,8/15/1995,935632,4.0.24.22
File5=1,,OC25.DL_,OC25.DLL,$(WinSysPath),$(DLLSelfRegister),,8/15/1995,536048,2.53.0.0
File6=1,,OLE2.DL_,OLE2.DLL,$(WinSysPath),OLE2.REG,,1/12/1996,304640,2.3.125.142
File7=1,,TYPELIB.DL_,TYPELIB.DLL,$(WinSysPath),,,1/12/1996,177824,2.3.3025.1
File8=1,,OLE2DISP.DL_,OLE2DISP.DLL,$(WinSysPath),,,1/12/1996,164960,2.3.3023.1
File9=1,,OLE2PROX.DL_,OLE2PROX.DLL,$(WinSysPath),,,1/12/1996,51712,2.2.120.121
File10=1,,OLE2CONV.DL_,OLE2CONV.DLL,$(WinSysPath),,,1/12/1996,57328,2.1.0.1
File11=1,SPLIT,STORAGE.DL1,STORAGE.DLL,$(WinSysPath),,,1/12/1996,157696,2.3.125.140
File12=2,,STORAGE.DL2,STORAGE.DLL
File13=2,,COMPOBJ.DL_,COMPOBJ.DLL,$(WinSysPath),,,1/12/1996,109056,2.3.125.142
File14=2,,OLE2.RE_,OLE2.REG,$(WinSysPath),,,1/12/1996,28113
File15=2,,OLE2NLS.DL_,OLE2NLS.DLL,$(WinSysPath),,,1/12/1996,152976,2.3.3023.1
File16=2,,STDOLE.TL_,STDOLE.TLB,$(WinSysPath),,,1/12/1996,5472,2.3.3023.1
File17=2,,SCP.DL_,SCP.DLL,$(WinSysPath),,,1/12/1996,12976,2.0.260.0
File18=2,,VAEN21.OL_,VAEN21.OLB,$(WinSysPath),,,8/15/1995,35200,2.0.0.5422
File19=2,,CTL3DV2.DL_,CTL3DV2.DLL,$(WinSysPath),,,8/24/1996,27632,2.31.0.0

[Files]
File1=2,,COMDLG16.OC_,COMDLG16.OCX,$(WinSysPath),$(DLLSelfRegister),,1/12/1996,81136,4.0.29.8
File2=2,,TABCTL16.OC_,TABCTL16.OCX,$(WinSysPath),$(DLLSelfRegister),,1/12/1996,115424,1.0.23.0
File3=2,,DBLIST16.OC_,DBLIST16.OCX,$(WinSysPath),$(DLLSelfRegister),,1/12/1996,134928,4.0.29.8
File4=2,,DBGRID16.OC_,DBGRID16.OCX,$(WinSysPath),$(DLLSelfRegister),,1/12/1996,450048,1.0.0.93
File5=2,,GRDKRN16.DL_,GRDKRN16.DLL,$(WinSysPath),,,1/12/1996,231936,1.19.0.60
File6=2,,DAO2516.DL_,DAO2516.DLL,$(WinSysPath),$(DLLSelfRegister),,1/12/1996,543584,2.50.0.1626
File7=2,SPLIT,MSAJT200.DL1,MSAJT200.DLL,$(WinSysPath),,,12/17/1997,995136,2.50.0.1606
File8=3,,MSAJT200.DL2,MSAJT200.DLL
File9=3,,MSJETERR.DL_,MSJETERR.DLL,$(WinSysPath),,,8/15/1995,11232,2.50.0.1111
File10=3,,MSJETINT.DL_,MSJETINT.DLL,$(WinSysPath),,,8/15/1995,15936,2.50.0.1111
File11=3,,VBAJET.DL_,VBAJET.DLL,$(WinSysPath),,,8/15/1995,2920,2.0.0.5422
File12=3,,VBDB16.DL_,VBDB16.DLL,$(WinSysPath),,,8/15/1995,86848,4.0.24.22
File13=3,,MSCOMM16.OC_,MSCOMM16.OCX,$(WinSysPath),$(DLLSelfRegister),,7/26/1995,71104,1.0.0.18
File14=3,,GRID16.OC_,GRID16.OCX,$(WinSysPath),$(DLLSelfRegister),,1/12/1996,85536,4.0.29.8
File15=3,,GAUGE16.OC_,GAUGE16.OCX,$(WinSysPath),$(DLLSelfRegister),,7/26/1995,62608,1.0.24.0
File16=3,,THREED16.OC_,THREED16.OCX,$(WinSysPath),$(DLLSelfRegister),,7/26/1995,177824,1.0.41.0
File17=3,,CM8MON41.EX_,CM8MON41.EXE,$(AppPath),$(EXESelfRegister),,2/6/1998,308048,1.0.0.0
File18=3,,M8CONFIG.TX_,M8CONFIG.TXT,$(AppPath),,,2/6/1998,30
File19=3,,M8IOTMP1.TX_,M8IOTMP1.TXT,$(AppPath),,,6/19/1997,826
File20=3,,M8IOTMP2.TX_,M8IOTMP2.TXT,$(AppPath),,,1/22/1998,1062
File21=3,,M8IOTMPL.TX_,M8IOTMPL.TXT,$(AppPath),,,6/8/1997,898

[Setup]
Title=CM8MON41
DefaultDir=$(ProgramFiles)\CM8MON41
Setup=SETUP1.EXE
AppExe=CM8MON41.EXE
Btrieve=0

; The following lines may be deleted in order to obtain extra 
; space for customizing this file on a full installation diskette.
; 
; XXXXXXXXXXXXXXXXXXXXXXXXXXXXXXXXXXXXXXXXXXXXXXXXXXXXXXXXXXXX
; XXXXXXXXXXXXXXXXXXXXXXXXXXXXXXXXXXXXXXXXXXXXXXXXXXXXXXXXXXXX
; XXXXXXXXXXXXXXXXXXXXXXXXXXXXXXXXXXXXXXXXXXXXXXXXXXXXXXXXXXXX
; XXXXXXXXXXXXXXXXXXXXXXXXXXXXXXXXXXXXXXXXXXXXXXXXXXXXXXXXXXXX
; XXXXXXXXXXXXXXXXXXXXXXXXXXXXXXXXXXXXXXXXXXXXXXXXXXXXXXXXXXXX
; XXXXXXXXXXXXXXXXXXXXXXXXXXXXXXXXXXXXXXXXXXXXXXXXXXXXXXXXXXXX
; XXXXXXXXXXXXXXXXXXXXXXXXXXXXXXXXXXXXXXXXXXXXXXXXXXXXXXXXXXXX
; XXXXXXXXXXXXXXXXXXXXXXXXXXXXXXXXXXXXXXXXXXXXXXXXXXXXXXXXXXXX
; XXXXXXXXXXXXXXXXXXXXXXXXXXXXXXXXXXXXXXXXXXXXXXXXXXXXXXXXXXXX
; XXXXXXXXXXXXXXXXXXXXXXXXXXXXXXXXXXXXXXXXXXXXXXXXXXXXXXXXXXXX
; XXXXXXXXXXXXXXXXXXXXXXXXXXXXXXXXXXXXXXXXXXXXXXXXXXXXXXXXXXXX
; XXXXXXXXXXXXXXXXXXXXXXXXXXXXXXXXXXXXXXXXXXXXXXXXXXXXXXXXXXXX
; XXXXXXXXXXXXXXXXXXXXXXXXXXXXXXXXXXXXXXXXXXXXXXXXXXXXXXXXXXXX
; XXXXXXXXXXXXXXXXXXXXXXXXXXXXXXXXXXXXXXXXXXXXXXXXXXXXXXXXXXXX
; XXXXXXXXXXXXXXXXXXXXXXXXXXXXXXXXXXXXXXXXXXXXXXXXXXXXXXXXXXXX
; XXXXXXXXXXXXXXXXXXXXXXXXXXXXXXXXXXXXXXXXXXXXXXXXXXXXXXXXXXXX
; XXXXXXXXXXXXXXXXXXXXXXXXXXXXXXXXXXXXXXXXXXXXXXXXXXXXXXXXXXXX
; XXXXXXXXXXXXXXXXXXXXXXXXXXXXXXXXXXXXXXXXXXXXXXXXXXXXXXXXXXXX
; XXXXXXXXXXXXXXXXXXXXXXXXXXXXXXXXXXXXXXXXXXXXXXXXXXXXXXXXXXXX
; XXXXXXXXXXXXXXXXXXXXXXXXXXXXXXXXXXXXXXXXXXXXXXXXXXXXXXXXXXXX
; XXXXXXXXXXXXXXXXXXXXXXXXXXXXXXXXXXXXXXXXXXXXXXXXXXXXXXXXXXXX
; XXXXXXXXXXXXXXXXXXXXXXXXXXXXXXXXXXXXXXXXXXXXXXXXXXXXXXXXXXXX
; XXXXXXXXXXXXXXXXXXXXXXXXXXXXXXXXXXXXXXXXXXXXXXXXXXXXXXXXXXXX
; XXXXXXXXXXXXXXXXXXXXXXXXXXXXXXXXXXXXXXXXXXXXXXXXXXXXXXXXXXXX
; XXXXXXXXXXXXXXXXXXXXXXXXXXXXXXXXXXXXXXXXXXXXXXXXXXXXXXXXXXXX
; XXXXXXXXXXXXXXXXXXXXXXXXXXXXXXXXXXXXXXXXXXXXXXXXXXXXXXXXXXXX
; XXXXXXXXXXXXXXXXXXXXXXXXXXXXXXXXXXXXXXXXXXXXXXXXXXXXXXXXXXXX
; XXXXXXXXXXXXXXXXXXXXXXXXXXXXXXXXXXXXXXXXXXXXXXXXXXXXXXXXXXXX
; XXXXXXXXXXXXXXXXXXXXXXXXXXXXXXXXXXXXXXXXXXXXXXXXXXXXXXXXXXXX
; XXXXXXXXXXXXXXXXXXXXXXXXXXXXXXXXXXXXXXXXXXXXXXXXXXXXXXXXXXXX
; XXXXXXXXXXXXXXXXXXXXXXXXXXXXXXXXXXXXXXXXXXXXXXXXXXXXXXXXXXXX
; XXXXXXXXXXXXXXXXXXXXXXXXXXXXXXXXXXXXXXXXXXXXXXXXXXXXXXXXXXXX
; XXXXXXXXXXXXXXXXXXXXXXXXXXXXXXXXXXXXXXXXXXXXXXXXXXXXXXXXXXXX
; XXXXXXXXXXXXXXXXXXXXXXXXXXXXXXXXXXXXXXXXXXXXXXXXXXXXXXXXXXXX
; XXXXXXXXXXXXXXXXXXXXXXXXXXXXXXXXXXXXXXXXXXXXXXXXXXXXXXXXXXXX
; XXXXXXXXXXXXXXXXXXXXXXXXXXXXXXXXXXXXXXXXXXXXXXXXXXXXXXXXXXXX
; XXXXXXXXXXXXXXXXXXXXXXXXXXXXXXXXXXXXXXXXXXXXXXXXXXXXXXXXXXXX
; XXXXXXXXXXXXXXXXXXXXXXXXXXXXXXXXXXXXXXXXXXXXXXXXXXXXXXXXXXXX
; XXXXXXXXXXXXXXXXXXXXXXXXXXXXXXXXXXXXXXXXXXXXXXXXXXXXXXXXXXXX
; XXXXXXXXXXXXXXXXXXXXXXXXXXXXXXXXXXXXXXXXXXXXXXXXXXXXXXXXXXXX
; XXXXXXXXXXXXXXXXXXXXXXXXXXXXXXXXXXXXXXXXXXXXXXXXXXXXXXXXXXXX
; XXXXXXXXXXXXXXXXXXXXXXXXXXXXXXXXXXXXXXXXXXXXXXXXXXXXXXXXXXXX
; XXXXXXXXXXXXXXXXXXXXXXXXXXXXXXXXXXXXXXXXXXXXXXXXXXXXXXXXXXXX
; XXXXXXXXXXXXXXXXXXXXXXXXXXXXXXXXXXXXXXXXXXXXXXXXXXXXXXXXXXXX
; XXXXXXXXXXXXXXXXXXXXXXXXXXXXXXXXXXXXXXXXXXXXXXXXXXXXXXXXXXXX
; XXXXXXXXXXXXXXXXXXXXXXXXXXXXXXXXXXXXXXXXXXXXXXXXXXXXXXXXXXXX
; XXXXXXXXXXXXXXXXXXXXXXXXXXXXXXXXXXXXXXXXXXXXXXXXXXXXXXXXXXXX
; XXXXXXXXXXXXXXXXXXXXXXXXXXXXXXXXXXXXXXXXXXXXXXXXXXXXXXXXXXXX
; XXXXXXXXXXXXXXXXXXXXXXXXXXXXXXXXXXXXXXXXXXXXXXXXXXXXXXXXXXXX
; XXXXXXXXXXXXXXXXXXXXXXXXXXXXXXXXXXXXXXXXXXXXXXXXXXXXXXXXXXXX
; XXXXXXXXXXXXXXXXXXXXXXXXXXXXXXXXXXXXXXXXXXXXXXXXXXXXXXXXXXXX
; XXXXXXXXXXXXXXXXXXXXXXXXXXXXXXXXXXXXXXXXXXXXXXXXXXXXXXXXXXXX
; XXXXXXXXXXXXXXXXXXXXXXXXXXXXXXXXXXXXXXXXXXXXXXXXXXXXXXXXXXXX
; XXXXXXXXXXXXXXXXXXXXXXXXXXXXXXXXXXXXXXXXXXXXXXXXXXXXXXXXXXXX
; XXXXXXXXXXXXXXXXXXXXXXXXXXXXXXXXXXXXXXXXXXXXXXXXXXXXXXXXXXXX
; XXXXXXXXXXXXXXXXXXXXXXXXXXXXXXXXXXXXXXXXXXXXXXXXXXXXXXXXXXXX
; XXXXXXXXXXXXXXXXXXXXXXXXXXXXXXXXXXXXXXXXXXXXXXXXXXXXXXXXXXXX
; XXXXXXXXXXXXXXXXXXXXXXXXXXXXXXXXXXXXXXXXXXXXXXXXXXXXXXXXXXXX
; XXXXXXXXXXXXXXXXXXXXXXXXXXXXXXXXXXXXXXXXXXXXXXXXXXXXXXXXXXXX
; XXXXXXXXXXXXXXXXXXXXXXXXXXXXXXXXXXXXXXXXXXXXXXXXXXXXXXXXXXXX
; XXXXXXXXXXXXXXXXXXXXXXXXXXXXXXXXXXXXXXXXXXXXXXXXXXXXXXXXXXXX
; XXXXXXXXXXXXXXXXXXXXXXXXXXXXXXXXXXXXXXXXXXXXXXXXXXXXXXXXXXXX
; XXXXXXXXXXXXXXXXXXXXXXXXXXXXXXXXXXXXXXXXXXXXXXXXXXXXXXXXXXXX
; XXXXXXXXXXXXXXXXXXXXXXXXXXXXXXXXXXXXXXXXXXXXXXXXXXXXXXXXXXXX
; XXXXXXXXXXXXXXXXXXXXXXXXXXXXXXXXXXXXXXXXXXXXXXXXXXXXXXXXXXXX
; XXXXXXXXXXXXXXXXXXXXXXXXXXXXXXXXXXXXXXXXXXXXXXXXXXXXXXXXXXXX
; XXXXXXXXXXXXXXXXXXXXXXXXXXXXXXXXXXXXXXXXXXXXXXXXXXXXXXXXXXXX
; XXXXXXXXXXXXXXXXXXXXXXXXXXXXXXXXXXXXXXXXXXXXXXXXXXXXXXXXXXXX
; XXXXXXXXXXXXXXXXXXXXXXXXXXXXXXXXXXXXXXXXXXXXXXXXXXXXXXXXXXXX
; XXXXXXXXXXXXXXXXXXXXXXXXXXXXXXXXXXXXXXXXXXXXXXXXXXXXXXXXXXXX
; XXXXXXXXXXXXXXXXXXXXXXXXXXXXXXXXXXXXXXXXXXXXXXXXXXXXXXXXXXXX
; XXXXXXXXXXXXXXXXXXXXXXXXXXXXXXXXXXXXXXXXXXXXXXXXXXXXXXXXXXXX
; XXXXXXXXXXXXXXXXXXXXXXXXXXXXXXXXXXXXXXXXXXXXXXXXXXXXXXXXXXXX
; XXXXXXXXXXXXXXXXXXXXXXXXXXXXXXXXXXXXXXXXXXXXXXXXXXXXXXXXXXXX
; XXXXXXXXXXXXXXXXXXXXXXXXXXXXXXXXXXXXXXXXXXXXXXXXXXXXXXXXXXXX
; XXXXXXXXXXXXXXXXXXXXXXXXXXXXXXXXXXXXXXXXXXXXXXXXXXXXXXXXXXXX
; XXXXXXXXXXXXXXXXXXXXXXXXXXXXXXXXXXXXXXXXXXXXXXXXXXXXXXXXXXXX
; XXXXXXXXXXXXXXXXXXXXXXXXXXXXXXXXXXXXXXXXXXXXXXXXXXXXXXXXXXXX
; XXXXXXXXXXXXXXXXXXXXXXXXXXXXXXXXXXXXXXXXXXXXXXXXXXXXXXXXXXXX
; XXXXXXXXXXXXXXXXXXXXXXXXXXXXXXXXXXXXXXXXXXXXXXXXXXXXXXXXXXXX
; XXXXXXXXXXXXXXXXXXXXXXXXXXXXXXXXXXXXXXXXXXXXXXXXXXXXXXXXXXXX
; XXXXXXXXXXXXXXXXXXXXXXXXXXXXXXXXXXXXXXXXXXXXXXXXXXXXXXXXXXXX
; XXXXXXXXXXXXXXXXXXXXXXXXXXXXXXXXXXXXXXXXXXXXXXXXXXXXXXXXXXXX
; XXXXXXXXXXXXXXXXXXXXXXXXXXXXXXXXXXXXXXXXXXXXXXXXXXXXXXXXXXXX
; XXXXXXXXXXXXXXXXXXXXXXXXXXXXXXXXXXXXXXXXXXXXXXXXXXXXXXXXXXXX
; XXXXXXXXXXXXXXXXXXXXXXXXXXXXXXXXXXXXXXXXXXXXXXXXXXXXXXXXXXXX
